=== RUN run_3 (FAILED) ===
=== STDERR ===
C:\Users\lingi\AppData\Local\Temp\tmpa2dgx4s7.py:83: SyntaxWarning: invalid escape sequence '\d'
  df['pregnancy_count'] = df['怀孕次数'].astype(str).str.extract('(\d)').astype(float)  # 类别转数值
Traceback (most recent call last):
  File "C:\Users\lingi\AppData\Local\Programs\Python\Python313\Lib\site-packages\pandas\core\indexes\base.py", line 3641, in get_loc
    return self._engine.get_loc(casted_key)
           ~~~~~~~~~~~~~~~~~~~~^^^^^^^^^^^^
  File "pandas/_libs/index.pyx", line 168, in pandas._libs.index.IndexEngine.get_loc
  File "pandas/_libs/index.pyx", line 197, in pandas._libs.index.IndexEngine.get_loc
  File "pandas/_libs/hashtable_class_helper.pxi", line 7668, in pandas._libs.hashtable.PyObjectHashTable.get_item
  File "pandas/_libs/hashtable_class_helper.pxi", line 7676, in pandas._libs.hashtable.PyObjectHashTable.get_item
KeyError: '唯一比对的读段数  '

The above exception was the direct cause of the following exception:

Traceback (most recent call last):
  File "C:\Users\lingi\AppData\Local\Temp\tmpa2dgx4s7.py", line 78, in <module>
    df['uniq_reads'] = df['唯一比对的读段数  ']
                       ~~^^^^^^^^^^^^^^^^^^^^^^
  File "C:\Users\lingi\AppData\Local\Programs\Python\Python313\Lib\site-packages\pandas\core\frame.py", line 4378, in __getitem__
    indexer = self.columns.get_loc(key)
  File "C:\Users\lingi\AppData\Local\Programs\Python\Python313\Lib\site-packages\pandas\core\indexes\base.py", line 3648, in get_loc
    raise KeyError(key) from err
KeyError: '唯一比对的读段数  '

=== STDOUT ===

