=== RUN run_0 (FAILED) ===
=== STDERR ===
Traceback (most recent call last):
  File "C:\Users\lingi\AppData\Local\Temp\tmpk3zxt2o1.py", line 12, in <module>
    orders = pd.read_excel(os.path.join(DATA_PATH, "订单信息.xlsx"))
             ~~~~~~~~~~~~~^^^^^^^^^^^^^^^^^^^^^^^^^^^^^^^^^^^^^^^^^^
  File "C:\Users\lingi\AppData\Local\Programs\Python\Python313\Lib\site-packages\pandas\io\excel\_base.py", line 481, in read_excel
    io = ExcelFile(
        io,
    ...<2 lines>...
        engine_kwargs=engine_kwargs,
    )
  File "C:\Users\lingi\AppData\Local\Programs\Python\Python313\Lib\site-packages\pandas\io\excel\_base.py", line 1604, in __init__
    ext = inspect_excel_format(
        content_or_path=path_or_buffer, storage_options=storage_options
    )
  File "C:\Users\lingi\AppData\Local\Programs\Python\Python313\Lib\site-packages\pandas\io\excel\_base.py", line 1452, in inspect_excel_format
    with get_handle(
         ~~~~~~~~~~^
        content_or_path, "rb", storage_options=storage_options, is_text=False
        ^^^^^^^^^^^^^^^^^^^^^^^^^^^^^^^^^^^^^^^^^^^^^^^^^^^^^^^^^^^^^^^^^^^^^
    ) as handle:
    ^
  File "C:\Users\lingi\AppData\Local\Programs\Python\Python313\Lib\site-packages\pandas\io\common.py", line 935, in get_handle
    handle = open(handle, ioargs.mode)
FileNotFoundError: [Errno 2] No such file or directory: 'C:\\Users\\lingi\\Desktop\\Research\\Mo\\Modeling_Assistant\\real_test4\\附件\\订单信息.xlsx\\订单信息.xlsx'

=== STDOUT ===

